0 verbose cli C:\node.exe C:\node_modules\npm\bin\npm-cli.js
1 info using npm@11.17.0
2 info using node@v24.19.0
3 silly config load:file:C:\node_modules\npm\npmrc
4 silly config load:file:D:\Vibecode\webtruyen\.npmrc
5 silly config load:file:C:\Users\Main\.npmrc
6 silly config load:file:C:\Users\Main\AppData\Roaming\npm\etc\npmrc
7 verbose title npm exec playwright-cli --help open
8 verbose argv "exec" "--cache" "output/playwright/npm-cache" "--package" "@playwright/cli" "--" "playwright-cli" "--help" "open"
9 verbose logfile logs-max:10 dir:D:\Vibecode\webtruyen\output\playwright\npm-cache\_logs\2026-10-04T03_10_08_782Z-
10 verbose logfile D:\Vibecode\webtruyen\output\playwright\npm-cache\_logs\2026-10-04T03_10_08_782Z-debug-0.log
11 silly logfile done cleaning log files
12 silly packumentCache heap:2348810240 maxSize:587202560 maxEntrySize:293601280
13 verbose shrinkwrap failed to load node_modules/.package-lock.json out of date, updated: node_modules/prisma
14 http fetch GET 200 https://registry.npmjs.org/@playwright%2fcli 173ms (cache revalidated)
15 silly packumentCache heap:2348810240 maxSize:587202560 maxEntrySize:293601280
16 verbose cwd D:\Vibecode\webtruyen
17 verbose os Windows_NT 10.0.26200
18 verbose node v24.19.0
19 verbose npm  v11.17.0
20 verbose exit -1073740791
21 verbose code -1073740791
